[Bootstrap]
SetupTitle=Install
SetupText=Copying Files, please stand by.
CabFile=Display Antrian 170803.CAB
Spawn=Setup1.exe
Uninstal=st6unst.exe
TmpDir=msftqws.pdw
Cabs=1

[Bootstrap Files]
File1=@VB6STKIT.DLL,$(WinSysPathSysFile),,,6/18/98 12:00:00 AM,102912,6.0.81.69
File2=@COMCAT.DLL,$(WinSysPathSysFile),$(DLLSelfRegister),,5/31/98 12:00:00 AM,22288,4.71.1460.1
File3=@olepro32.dll,$(WinSysPathSysFile),$(DLLSelfRegister),,5/12/16 10:18:31 PM,90624,6.1.7601.23452
File4=@stdole2.tlb,$(WinSysPathSysFile),$(TLBRegister),,7/14/09 6:43:53 AM,16896,6.1.7600.16385
File5=@asycfilt.dll,$(WinSysPathSysFile),,,10/7/16 10:12:39 PM,67584,6.1.7601.23569
File6=@oleaut32.dll,$(WinSysPathSysFile),$(DLLSelfRegister),,10/7/16 10:12:49 PM,581632,6.1.7601.23569
File7=@msvbvm60.dll,$(WinSysPathSysFile),$(DLLSelfRegister),,7/14/09 8:15:50 AM,1386496,6.0.98.15

[IconGroups]
Group0=antrian
PrivateGroup0=True
Parent0=$(Programs)

[antrian]
Icon1=""Display Antrian 170801.exe""
Title1=antrian
StartIn1=$(AppPath)

[Setup]
Title=DisplayAntrian
DefaultDir=$(ProgramFiles)\Display Antrian
AppExe=Display Antrian 170803.exe
AppToUninstall=Display Antrian 170803.exe

[Setup1 Files]
File1=@wmp.dll,$(AppPath),,$(Shared),8/12/16 11:47:20 PM,11410432,12.0.7601.23517
File2=@MSCOMCTL.OCX,$(WinSysPath),$(DLLSelfRegister),$(Shared),12/9/15 7:58:16 PM,1070232,6.1.98.46
File3=@MSSTDFMT.DLL,$(WinSysPath),$(DLLSelfRegister),$(Shared),3/31/14 10:46:48 PM,130712,6.1.98.39
File4=@msadodc.ocx,$(WinSysPath),$(DLLSelfRegister),$(Shared),5/22/00 4:58:00 PM,118976,6.0.88.4
File5=@RICHED32.DLL,$(WinSysPathSysFile),,,5/7/98 12:00:00 AM,174352,4.0.993.4
File6=@RICHTX32.OCX,$(WinSysPath),$(DLLSelfRegister),$(Shared),5/7/99 4:00:00 AM,204296,6.0.84.18
File7=@mswinsck.ocx,$(WinSysPath),$(DLLSelfRegister),$(Shared),12/6/00 1:02:20 PM,109248,6.0.89.88
File8=@mshflxgd.ocx,$(WinSysPath),$(DLLSelfRegister),$(Shared),5/22/00 4:58:12 PM,438976,6.0.88.4
File9=@mschrt20.ocx,$(WinSysPath),$(DLLSelfRegister),$(Shared),5/22/00 4:58:00 PM,1009336,6.0.88.4
File10=@msmask32.ocx,$(WinSysPath),$(DLLSelfRegister),$(Shared),5/22/00 4:58:12 PM,166600,6.0.84.18
File11=@mscomct2.ocx,$(WinSysPath),$(DLLSelfRegister),$(Shared),5/22/00 4:58:00 PM,647872,6.0.88.4
File12=@msdatlst.ocx,$(WinSysPath),$(DLLSelfRegister),$(Shared),5/22/00 4:58:12 PM,232640,6.0.84.18
File13=@msdatgrd.ocx,$(WinSysPath),$(DLLSelfRegister),$(Shared),12/6/00 1:02:06 PM,262328,6.0.89.88
File14=@tabctl32.ocx,$(WinSysPath),$(DLLSelfRegister),$(Shared),12/6/00 1:02:36 PM,209608,6.0.90.43
File15=@msflxgrd.ocx,$(WinSysPath),$(DLLSelfRegister),$(Shared),5/22/00 4:58:12 PM,244416,6.0.84.18
File16=@comdlg32.ocx,$(WinSysPath),$(DLLSelfRegister),$(Shared),6/22/99 4:36:52 PM,140288,6.0.84.18
File17=@quartz.dll,$(WinSysPath),$(DLLSelfRegister),$(Shared),6/14/16 10:21:34 PM,1329664,6.6.7601.23471
File18=@msvcrt.dll,$(WinSysPath),,$(Shared),12/16/11 2:52:58 PM,690688,7.0.7601.17744
File19=@scrrun.dll,$(WinSysPath),$(DLLSelfRegister),$(Shared),10/12/13 9:03:31 AM,163840,5.8.7601.18283
File20=@P2smon.dll,$(WinSysPath),,$(Shared),2/3/01 1:26:54 AM,163840,8.5.0.12
File21=@PG32CONV.DLL,$(AppPath),,$(Shared),9/22/99 2:03:54 PM,100352,0.0.0.0
File22=@SSCSDK80.DLL,$(WinSysPath),,$(Shared),11/16/00 2:54:18 PM,1163264,2.2.9.4
File23=@mfc42.dll,$(WinSysPath),$(DLLSelfRegister),$(Shared),3/11/11 12:33:59 PM,1137664,6.6.8064.0
File24=@Crpaig80.dll,$(WinSysPath),,$(Shared),11/9/00 1:52:00 PM,618496,8.0.1.3
File25=@IMPLODE.DLL,$(WinSysPath),,$(Shared),8/24/98 9:31:44 AM,18944,1.0.0.1
File26=@craxddrt.dll,$(WinSysPath),$(DLLSelfRegister),$(Shared),2/9/01 5:47:40 PM,8646715,8.5.0.217
File27=@msderun.dll,$(WinSysPath),$(DLLSelfRegister),$(Shared),4/3/00 5:54:40 PM,136192,6.0.88.4
File28=@msbind.dll,$(WinSysPath),$(DLLSelfRegister),$(Shared),5/11/00 1:06:22 PM,77824,6.0.88.62
File29=@craxdrt.dll,$(WinSysPath),$(DLLSelfRegister),$(Shared),2/9/01 5:49:22 PM,5152826,8.5.0.217
File30=@crviewer.dll,$(WinSysPath),$(DLLSelfRegister),$(Shared),2/3/01 12:05:58 AM,664576,8.5.0.217
File31=@msado21.tlb,$(WinSysPath),,$(Shared),6/6/12 10:51:44 AM,57344,6.1.7601.17857
File32=@Display Antrian 170803.exe,$(AppPath),,$(Shared),8/3/17 6:42:29 PM,208896,2.0.0.0

; The following lines may be deleted in order to obtain extra 
; space for customizing this file on a full installation diskette.
; 
; XXXXXXXXXXXXXXXXXXXXXXXXXXXXXXXXXXXXXXXXXXXXXXXXXXXXXXXXXXXX
; XXXXXXXXXXXXXXXXXXXXXXXXXXXXXXXXXXXXXXXXXXXXXXXXXXXXXXXXXXXX
; XXXXXXXXXXXXXXXXXXXXXXXXXXXXXXXXXXXXXXXXXXXXXXXXXXXXXXXXXXXX
; XXXXXXXXXXXXXXXXXXXXXXXXXXXXXXXXXXXXXXXXXXXXXXXXXXXXXXXXXXXX
; XXXXXXXXXXXXXXXXXXXXXXXXXXXXXXXXXXXXXXXXXXXXXXXXXXXXXXXXXXXX
; XXXXXXXXXXXXXXXXXXXXXXXXXXXXXXXXXXXXXXXXXXXXXXXXXXXXXXXXXXXX
; XXXXXXXXXXXXXXXXXXXXXXXXXXXXXXXXXXXXXXXXXXXXXXXXXXXXXXXXXXXX
; XXXXXXXXXXXXXXXXXXXXXXXXXXXXXXXXXXXXXXXXXXXXXXXXXXXXXXXXXXXX
; XXXXXXXXXXXXXXXXXXXXXXXXXXXXXXXXXXXXXXXXXXXXXXXXXXXXXXXXXXXX
; XXXXXXXXXXXXXXXXXXXXXXXXXXXXXXXXXXXXXXXXXXXXXXXXXXXXXXXXXXXX
; XXXXXXXXXXXXXXXXXXXXXXXXXXXXXXXXXXXXXXXXXXXXXXXXXXXXXXXXXXXX
; XXXXXXXXXXXXXXXXXXXXXXXXXXXXXXXXXXXXXXXXXXXXXXXXXXXXXXXXXXXX
; XXXXXXXXXXXXXXXXXXXXXXXXXXXXXXXXXXXXXXXXXXXXXXXXXXXXXXXXXXXX
; XXXXXXXXXXXXXXXXXXXXXXXXXXXXXXXXXXXXXXXXXXXXXXXXXXXXXXXXXXXX
; XXXXXXXXXXXXXXXXXXXXXXXXXXXXXXXXXXXXXXXXXXXXXXXXXXXXXXXXXXXX
; XXXXXXXXXXXXXXXXXXXXXXXXXXXXXXXXXXXXXXXXXXXXXXXXXXXXXXXXXXXX
; XXXXXXXXXXXXXXXXXXXXXXXXXXXXXXXXXXXXXXXXXXXXXXXXXXXXXXXXXXXX
; XXXXXXXXXXXXXXXXXXXXXXXXXXXXXXXXXXXXXXXXXXXXXXXXXXXXXXXXXXXX
; XXXXXXXXXXXXXXXXXXXXXXXXXXXXXXXXXXXXXXXXXXXXXXXXXXXXXXXXXXXX
; XXXXXXXXXXXXXXXXXXXXXXXXXXXXXXXXXXXXXXXXXXXXXXXXXXXXXXXXXXXX
; XXXXXXXXXXXXXXXXXXXXXXXXXXXXXXXXXXXXXXXXXXXXXXXXXXXXXXXXXXXX
; XXXXXXXXXXXXXXXXXXXXXXXXXXXXXXXXXXXXXXXXXXXXXXXXXXXXXXXXXXXX
; XXXXXXXXXXXXXXXXXXXXXXXXXXXXXXXXXXXXXXXXXXXXXXXXXXXXXXXXXXXX
; XXXXXXXXXXXXXXXXXXXXXXXXXXXXXXXXXXXXXXXXXXXXXXXXXXXXXXXXXXXX
; XXXXXXXXXXXXXXXXXXXXXXXXXXXXXXXXXXXXXXXXXXXXXXXXXXXXXXXXXXXX
; XXXXXXXXXXXXXXXXXXXXXXXXXXXXXXXXXXXXXXXXXXXXXXXXXXXXXXXXXXXX
; XXXXXXXXXXXXXXXXXXXXXXXXXXXXXXXXXXXXXXXXXXXXXXXXXXXXXXXXXXXX
; XXXXXXXXXXXXXXXXXXXXXXXXXXXXXXXXXXXXXXXXXXXXXXXXXXXXXXXXXXXX
; XXXXXXXXXXXXXXXXXXXXXXXXXXXXXXXXXXXXXXXXXXXXXXXXXXXXXXXXXXXX
; XXXXXXXXXXXXXXXXXXXXXXXXXXXXXXXXXXXXXXXXXXXXXXXXXXXXXXXXXXXX
; XXXXXXXXXXXXXXXXXXXXXXXXXXXXXXXXXXXXXXXXXXXXXXXXXXXXXXXXXXXX
; XXXXXXXXXXXXXXXXXXXXXXXXXXXXXXXXXXXXXXXXXXXXXXXXXXXXXXXXXXXX
; XXXXXXXXXXXXXXXXXXXXXXXXXXXXXXXXXXXXXXXXXXXXXXXXXXXXXXXXXXXX
; XXXXXXXXXXXXXXXXXXXXXXXXXXXXXXXXXXXXXXXXXXXXXXXXXXXXXXXXXXXX
; XXXXXXXXXXXXXXXXXXXXXXXXXXXXXXXXXXXXXXXXXXXXXXXXXXXXXXXXXXXX
